
*** Running vivado
    with args -log lab.vdi -applog -m64 -product Vivado -messageDb vivado.pb -mode batch -source lab.tcl -notrace


****** Vivado v2023.2 (64-bit)
  **** SW Build 4029153 on Fri Oct 13 20:13:54 MDT 2023
  **** IP Build 4028589 on Sat Oct 14 00:45:43 MDT 2023
  **** SharedData Build 4025554 on Tue Oct 10 17:18:54 MDT 2023
    ** Copyright 1986-2022 Xilinx, Inc. All Rights Reserved.
    ** Copyright 2022-2023 Advanced Micro Devices, Inc. All Rights Reserved.

source lab.tcl -notrace
Command: open_checkpoint /home/eren/Downloads/lab1_ece528/lab1/lab1.runs/impl_3/lab.dcp
INFO: [Device 21-403] Loading part xc7a35tcpg236-1
Netlist sorting complete. Time (s): cpu = 00:00:00 ; elapsed = 00:00:00 . Memory (MB): peak = 1822.043 ; gain = 0.000 ; free physical = 670 ; free virtual = 6602
INFO: [Project 1-479] Netlist was created with Vivado 2023.2
INFO: [Project 1-570] Preparing netlist for logic optimization
Read ShapeDB Complete: Time (s): cpu = 00:00:00 ; elapsed = 00:00:00 . Memory (MB): peak = 1885.855 ; gain = 0.000 ; free physical = 596 ; free virtual = 6514
INFO: [Timing 38-478] Restoring timing data from binary archive.
INFO: [Timing 38-479] Binary timing data restore complete.
INFO: [Project 1-856] Restoring constraints from binary archive.
INFO: [Project 1-853] Binary constraint restore complete.
INFO: [Designutils 20-5722] Start Reading Physical Databases.
Reading placement.
Read Netlist Cache: Time (s): cpu = 00:00:00 ; elapsed = 00:00:00 . Memory (MB): peak = 2342.613 ; gain = 0.000 ; free physical = 205 ; free virtual = 6113
Reading placer database...
Read Device Cache: Time (s): cpu = 00:00:00.01 ; elapsed = 00:00:00.01 . Memory (MB): peak = 2342.613 ; gain = 0.000 ; free physical = 205 ; free virtual = 6113
Read PlaceDB: Time (s): cpu = 00:00:00 ; elapsed = 00:00:00 . Memory (MB): peak = 2342.613 ; gain = 0.000 ; free physical = 205 ; free virtual = 6113
Read PulsedLatchDB: Time (s): cpu = 00:00:00 ; elapsed = 00:00:00 . Memory (MB): peak = 2342.613 ; gain = 0.000 ; free physical = 205 ; free virtual = 6113
Reading routing.
Read RouteStorage: Time (s): cpu = 00:00:00.01 ; elapsed = 00:00:00.01 . Memory (MB): peak = 2342.613 ; gain = 0.000 ; free physical = 205 ; free virtual = 6113
Read Physdb Files: Time (s): cpu = 00:00:00.02 ; elapsed = 00:00:00.02 . Memory (MB): peak = 2342.613 ; gain = 0.000 ; free physical = 205 ; free virtual = 6113
Restored from archive | CPU: 0.050000 secs | Memory: 1.069168 MB |
Finished XDEF File Restore: Time (s): cpu = 00:00:00.05 ; elapsed = 00:00:00.05 . Memory (MB): peak = 2342.613 ; gain = 0.000 ; free physical = 205 ; free virtual = 6113
Netlist sorting complete. Time (s): cpu = 00:00:00 ; elapsed = 00:00:00 . Memory (MB): peak = 2342.613 ; gain = 0.000 ; free physical = 205 ; free virtual = 6113
INFO: [Project 1-111] Unisim Transformation Summary:
No Unisim elements were transformed.

INFO: [Project 1-604] Checkpoint was created with Vivado v2023.2 (64-bit) build 4029153
open_checkpoint: Time (s): cpu = 00:00:14 ; elapsed = 00:00:14 . Memory (MB): peak = 2342.648 ; gain = 860.602 ; free physical = 205 ; free virtual = 6113
Command: opt_design
Attempting to get a license for feature 'Implementation' and/or device 'xc7a35t'
INFO: [Common 17-349] Got license for feature 'Implementation' and/or device 'xc7a35t'
Running DRC as a precondition to command opt_design

Starting DRC Task
INFO: [DRC 23-27] Running DRC with 8 threads
INFO: [Project 1-461] DRC finished with 0 Errors
INFO: [Project 1-462] Please refer to the DRC report (report_drc) for more information.

Time (s): cpu = 00:00:01 ; elapsed = 00:00:00.72 . Memory (MB): peak = 2430.426 ; gain = 84.844 ; free physical = 196 ; free virtual = 6044

Starting Cache Timing Information Task
INFO: [Timing 38-35] Done setting XDC timing constraints.
Ending Cache Timing Information Task | Checksum: 211645ec4

Time (s): cpu = 00:00:00.02 ; elapsed = 00:00:00 . Memory (MB): peak = 2510.238 ; gain = 79.812 ; free physical = 182 ; free virtual = 6028

Starting Logic Optimization Task

Phase 1 Initialization

Phase 1.1 Core Generation And Design Setup
Phase 1.1 Core Generation And Design Setup | Checksum: 211645ec4

Time (s): cpu = 00:00:00 ; elapsed = 00:00:00 . Memory (MB): peak = 2805.137 ; gain = 0.000 ; free physical = 370 ; free virtual = 5423

Phase 1.2 Setup Constraints And Sort Netlist
Phase 1.2 Setup Constraints And Sort Netlist | Checksum: 211645ec4

Time (s): cpu = 00:00:00 ; elapsed = 00:00:00 . Memory (MB): peak = 2805.137 ; gain = 0.000 ; free physical = 370 ; free virtual = 5423
Phase 1 Initialization | Checksum: 211645ec4

Time (s): cpu = 00:00:00 ; elapsed = 00:00:00 . Memory (MB): peak = 2805.137 ; gain = 0.000 ; free physical = 370 ; free virtual = 5423

Phase 2 Timer Update And Timing Data Collection

Phase 2.1 Timer Update
Phase 2.1 Timer Update | Checksum: 211645ec4

Time (s): cpu = 00:00:00 ; elapsed = 00:00:00.01 . Memory (MB): peak = 2805.137 ; gain = 0.000 ; free physical = 370 ; free virtual = 5423

Phase 2.2 Timing Data Collection
Phase 2.2 Timing Data Collection | Checksum: 211645ec4

Time (s): cpu = 00:00:00.01 ; elapsed = 00:00:00.01 . Memory (MB): peak = 2805.137 ; gain = 0.000 ; free physical = 370 ; free virtual = 5423
Phase 2 Timer Update And Timing Data Collection | Checksum: 211645ec4

Time (s): cpu = 00:00:00.01 ; elapsed = 00:00:00.01 . Memory (MB): peak = 2805.137 ; gain = 0.000 ; free physical = 370 ; free virtual = 5423

Phase 3 Retarget
INFO: [Opt 31-138] Pushed 0 inverter(s) to 0 load pin(s).
INFO: [Opt 31-49] Retargeted 0 cell(s).
Phase 3 Retarget | Checksum: 211645ec4

Time (s): cpu = 00:00:00.03 ; elapsed = 00:00:00.03 . Memory (MB): peak = 2805.137 ; gain = 0.000 ; free physical = 370 ; free virtual = 5423
Retarget | Checksum: 211645ec4
INFO: [Opt 31-389] Phase Retarget created 0 cells and removed 0 cells

Phase 4 Constant propagation
INFO: [Opt 31-138] Pushed 0 inverter(s) to 0 load pin(s).
Phase 4 Constant propagation | Checksum: 211645ec4

Time (s): cpu = 00:00:00.03 ; elapsed = 00:00:00.03 . Memory (MB): peak = 2805.137 ; gain = 0.000 ; free physical = 370 ; free virtual = 5423
Constant propagation | Checksum: 211645ec4
INFO: [Opt 31-389] Phase Constant propagation created 0 cells and removed 0 cells

Phase 5 Sweep
Phase 5 Sweep | Checksum: 211645ec4

Time (s): cpu = 00:00:00.03 ; elapsed = 00:00:00.04 . Memory (MB): peak = 2805.137 ; gain = 0.000 ; free physical = 370 ; free virtual = 5423
Sweep | Checksum: 211645ec4
INFO: [Opt 31-389] Phase Sweep created 0 cells and removed 0 cells

Phase 6 BUFG optimization
Phase 6 BUFG optimization | Checksum: 211645ec4

Time (s): cpu = 00:00:00.03 ; elapsed = 00:00:00.04 . Memory (MB): peak = 2837.152 ; gain = 32.016 ; free physical = 370 ; free virtual = 5423
BUFG optimization | Checksum: 211645ec4
INFO: [Opt 31-662] Phase BUFG optimization created 0 cells of which 0 are BUFGs and removed 0 cells.

Phase 7 Shift Register Optimization
INFO: [Opt 31-1064] SRL Remap converted 0 SRLs to 0 registers and converted 0 registers of register chains to 0 SRLs
Phase 7 Shift Register Optimization | Checksum: 211645ec4

Time (s): cpu = 00:00:00.03 ; elapsed = 00:00:00.04 . Memory (MB): peak = 2837.152 ; gain = 32.016 ; free physical = 370 ; free virtual = 5423
Shift Register Optimization | Checksum: 211645ec4
INFO: [Opt 31-389] Phase Shift Register Optimization created 0 cells and removed 0 cells

Phase 8 Post Processing Netlist
Phase 8 Post Processing Netlist | Checksum: 211645ec4

Time (s): cpu = 00:00:00.03 ; elapsed = 00:00:00.04 . Memory (MB): peak = 2837.152 ; gain = 32.016 ; free physical = 370 ; free virtual = 5423
Post Processing Netlist | Checksum: 211645ec4
INFO: [Opt 31-389] Phase Post Processing Netlist created 0 cells and removed 0 cells

Phase 9 Finalization

Phase 9.1 Finalizing Design Cores and Updating Shapes
Phase 9.1 Finalizing Design Cores and Updating Shapes | Checksum: 211645ec4

Time (s): cpu = 00:00:00.03 ; elapsed = 00:00:00.04 . Memory (MB): peak = 2837.152 ; gain = 32.016 ; free physical = 370 ; free virtual = 5423

Phase 9.2 Verifying Netlist Connectivity

Starting Connectivity Check Task

Time (s): cpu = 00:00:00 ; elapsed = 00:00:00 . Memory (MB): peak = 2837.152 ; gain = 0.000 ; free physical = 370 ; free virtual = 5423
Phase 9.2 Verifying Netlist Connectivity | Checksum: 211645ec4

Time (s): cpu = 00:00:00.03 ; elapsed = 00:00:00.04 . Memory (MB): peak = 2837.152 ; gain = 32.016 ; free physical = 370 ; free virtual = 5423
Phase 9 Finalization | Checksum: 211645ec4

Time (s): cpu = 00:00:00.03 ; elapsed = 00:00:00.04 . Memory (MB): peak = 2837.152 ; gain = 32.016 ; free physical = 370 ; free virtual = 5423
Opt_design Change Summary
=========================


-------------------------------------------------------------------------------------------------------------------------
|  Phase                        |  #Cells created  |  #Cells Removed  |  #Constrained objects preventing optimizations  |
-------------------------------------------------------------------------------------------------------------------------
|  Retarget                     |               0  |               0  |                                              0  |
|  Constant propagation         |               0  |               0  |                                              0  |
|  Sweep                        |               0  |               0  |                                              0  |
|  BUFG optimization            |               0  |               0  |                                              0  |
|  Shift Register Optimization  |               0  |               0  |                                              0  |
|  Post Processing Netlist      |               0  |               0  |                                              0  |
-------------------------------------------------------------------------------------------------------------------------


Ending Logic Optimization Task | Checksum: 211645ec4

Time (s): cpu = 00:00:00.03 ; elapsed = 00:00:00.05 . Memory (MB): peak = 2837.152 ; gain = 32.016 ; free physical = 370 ; free virtual = 5423
INFO: [Constraints 18-11670] Building netlist checker database with flags, 0x8
Done building netlist checker database: Time (s): cpu = 00:00:00 ; elapsed = 00:00:00 . Memory (MB): peak = 2837.152 ; gain = 0.000 ; free physical = 370 ; free virtual = 5423

Starting Power Optimization Task
INFO: [Pwropt 34-132] Skipping clock gating for clocks with a period < 2.00 ns.
Ending Power Optimization Task | Checksum: 211645ec4

Time (s): cpu = 00:00:00.01 ; elapsed = 00:00:00 . Memory (MB): peak = 2837.152 ; gain = 0.000 ; free physical = 370 ; free virtual = 5423

Starting Final Cleanup Task
Ending Final Cleanup Task | Checksum: 211645ec4

Time (s): cpu = 00:00:00 ; elapsed = 00:00:00 . Memory (MB): peak = 2837.152 ; gain = 0.000 ; free physical = 370 ; free virtual = 5423

Starting Netlist Obfuscation Task
Netlist sorting complete. Time (s): cpu = 00:00:00 ; elapsed = 00:00:00 . Memory (MB): peak = 2837.152 ; gain = 0.000 ; free physical = 370 ; free virtual = 5423
Ending Netlist Obfuscation Task | Checksum: 211645ec4

Time (s): cpu = 00:00:00 ; elapsed = 00:00:00 . Memory (MB): peak = 2837.152 ; gain = 0.000 ; free physical = 370 ; free virtual = 5423
INFO: [Common 17-83] Releasing license: Implementation
28 Infos, 0 Warnings, 0 Critical Warnings and 0 Errors encountered.
opt_design completed successfully
INFO: [runtcl-4] Executing : report_drc -file lab_drc_opted.rpt -pb lab_drc_opted.pb -rpx lab_drc_opted.rpx
Command: report_drc -file lab_drc_opted.rpt -pb lab_drc_opted.pb -rpx lab_drc_opted.rpx
INFO: [IP_Flow 19-234] Refreshing IP repositories
INFO: [IP_Flow 19-1704] No user IP repositories specified
INFO: [IP_Flow 19-2313] Loaded Vivado IP repository '/home/eren/Xilinx/Vivado/2023.2/data/ip'.
INFO: [DRC 23-27] Running DRC with 8 threads
INFO: [Vivado_Tcl 2-168] The results of DRC are in file /home/eren/Downloads/lab1_ece528/lab1/lab1.runs/impl_3/lab_drc_opted.rpt.
report_drc completed successfully
INFO: [Timing 38-480] Writing timing data to binary archive.
Write ShapeDB Complete: Time (s): cpu = 00:00:00 ; elapsed = 00:00:00 . Memory (MB): peak = 2933.199 ; gain = 0.000 ; free physical = 353 ; free virtual = 5402
Wrote PlaceDB: Time (s): cpu = 00:00:00 ; elapsed = 00:00:00 . Memory (MB): peak = 2933.199 ; gain = 0.000 ; free physical = 353 ; free virtual = 5402
Wrote PulsedLatchDB: Time (s): cpu = 00:00:00 ; elapsed = 00:00:00 . Memory (MB): peak = 2933.199 ; gain = 0.000 ; free physical = 353 ; free virtual = 5402
Writing XDEF routing.
Writing XDEF routing logical nets.
Writing XDEF routing special nets.
Wrote RouteStorage: Time (s): cpu = 00:00:00.03 ; elapsed = 00:00:00.01 . Memory (MB): peak = 2933.199 ; gain = 0.000 ; free physical = 353 ; free virtual = 5402
Wrote Netlist Cache: Time (s): cpu = 00:00:00 ; elapsed = 00:00:00 . Memory (MB): peak = 2933.199 ; gain = 0.000 ; free physical = 353 ; free virtual = 5402
Wrote Device Cache: Time (s): cpu = 00:00:00.01 ; elapsed = 00:00:00 . Memory (MB): peak = 2933.199 ; gain = 0.000 ; free physical = 353 ; free virtual = 5402
Write Physdb Complete: Time (s): cpu = 00:00:00.04 ; elapsed = 00:00:00.02 . Memory (MB): peak = 2933.199 ; gain = 0.000 ; free physical = 353 ; free virtual = 5402
INFO: [Common 17-1381] The checkpoint '/home/eren/Downloads/lab1_ece528/lab1/lab1.runs/impl_3/lab_opt.dcp' has been generated.
Command: place_design
Attempting to get a license for feature 'Implementation' and/or device 'xc7a35t'
INFO: [Common 17-349] Got license for feature 'Implementation' and/or device 'xc7a35t'
INFO: [Common 17-83] Releasing license: Implementation
INFO: [DRC 23-27] Running DRC with 8 threads
INFO: [Vivado_Tcl 4-198] DRC finished with 0 Errors
INFO: [Vivado_Tcl 4-199] Please refer to the DRC report (report_drc) for more information.
Running DRC as a precondition to command place_design
INFO: [DRC 23-27] Running DRC with 8 threads
INFO: [Vivado_Tcl 4-198] DRC finished with 0 Errors
INFO: [Vivado_Tcl 4-199] Please refer to the DRC report (report_drc) for more information.
INFO: [Place 30-611] Multithreading enabled for place_design using a maximum of 8 CPUs

Starting Placer Task

Phase 1 Placer Initialization

Phase 1.1 Placer Initialization Netlist Sorting
Netlist sorting complete. Time (s): cpu = 00:00:00 ; elapsed = 00:00:00 . Memory (MB): peak = 2989.227 ; gain = 0.000 ; free physical = 350 ; free virtual = 5395
Phase 1.1 Placer Initialization Netlist Sorting | Checksum: 1b03f2ab2

Time (s): cpu = 00:00:00 ; elapsed = 00:00:00 . Memory (MB): peak = 2989.227 ; gain = 0.000 ; free physical = 350 ; free virtual = 5395
Netlist sorting complete. Time (s): cpu = 00:00:00 ; elapsed = 00:00:00 . Memory (MB): peak = 2989.227 ; gain = 0.000 ; free physical = 350 ; free virtual = 5395

Phase 1.2 IO Placement/ Clock Placement/ Build Placer Device
INFO: [Timing 38-35] Done setting XDC timing constraints.
Phase 1.2 IO Placement/ Clock Placement/ Build Placer Device | Checksum: a99d48d2

Time (s): cpu = 00:00:00.38 ; elapsed = 00:00:00.15 . Memory (MB): peak = 2989.227 ; gain = 0.000 ; free physical = 331 ; free virtual = 5380

Phase 1.3 Build Placer Netlist Model
Phase 1.3 Build Placer Netlist Model | Checksum: 1389679e5

Time (s): cpu = 00:00:00.67 ; elapsed = 00:00:00.19 . Memory (MB): peak = 2989.227 ; gain = 0.000 ; free physical = 327 ; free virtual = 5379

Phase 1.4 Constrain Clocks/Macros
Phase 1.4 Constrain Clocks/Macros | Checksum: 1389679e5

Time (s): cpu = 00:00:00.68 ; elapsed = 00:00:00.2 . Memory (MB): peak = 2989.227 ; gain = 0.000 ; free physical = 327 ; free virtual = 5379
Phase 1 Placer Initialization | Checksum: 1389679e5

Time (s): cpu = 00:00:00.68 ; elapsed = 00:00:00.2 . Memory (MB): peak = 2989.227 ; gain = 0.000 ; free physical = 327 ; free virtual = 5379

Phase 2 Global Placement

Phase 2.1 Floorplanning
Phase 2.1 Floorplanning | Checksum: 1a7f3a458

Time (s): cpu = 00:00:00.74 ; elapsed = 00:00:00.21 . Memory (MB): peak = 2989.227 ; gain = 0.000 ; free physical = 324 ; free virtual = 5376

Phase 2.2 Update Timing before SLR Path Opt
Phase 2.2 Update Timing before SLR Path Opt | Checksum: 100cf1866

Time (s): cpu = 00:00:00.77 ; elapsed = 00:00:00.21 . Memory (MB): peak = 2989.227 ; gain = 0.000 ; free physical = 324 ; free virtual = 5375

Phase 2.3 Post-Processing in Floorplanning
Phase 2.3 Post-Processing in Floorplanning | Checksum: 100cf1866

Time (s): cpu = 00:00:00.78 ; elapsed = 00:00:00.22 . Memory (MB): peak = 2989.227 ; gain = 0.000 ; free physical = 324 ; free virtual = 5375

Phase 2.4 Global Placement Core

Phase 2.4.1 UpdateTiming Before Physical Synthesis
Phase 2.4.1 UpdateTiming Before Physical Synthesis | Checksum: 18a0b08ea

Time (s): cpu = 00:00:02 ; elapsed = 00:00:00.45 . Memory (MB): peak = 2989.227 ; gain = 0.000 ; free physical = 272 ; free virtual = 5344

Phase 2.4.2 Physical Synthesis In Placer
INFO: [Physopt 32-1044] Break lutnm for timing: one critical 0, two critical 0, total 0, new lutff created 0
INFO: [Physopt 32-1138] End 1 Pass. Optimized 0 net or LUT. Breaked 0 LUT, combined 0 existing LUT and moved 0 existing LUT
INFO: [Physopt 32-65] No nets found for high-fanout optimization.
INFO: [Physopt 32-232] Optimized 0 net. Created 0 new instance.
INFO: [Physopt 32-775] End 1 Pass. Optimized 0 net or cell. Created 0 new cell, deleted 0 existing cell and moved 0 existing cell
INFO: [Physopt 32-670] No setup violation found.  DSP Register Optimization was not performed.
INFO: [Physopt 32-670] No setup violation found.  Shift Register to Pipeline Optimization was not performed.
INFO: [Physopt 32-670] No setup violation found.  Shift Register Optimization was not performed.
INFO: [Physopt 32-670] No setup violation found.  BRAM Register Optimization was not performed.
INFO: [Physopt 32-670] No setup violation found.  URAM Register Optimization was not performed.
INFO: [Physopt 32-949] No candidate nets found for dynamic/static region interface net replication
INFO: [Physopt 32-775] End 1 Pass. Optimized 0 net or cell. Created 0 new cell, deleted 0 existing cell and moved 0 existing cell
Netlist sorting complete. Time (s): cpu = 00:00:00 ; elapsed = 00:00:00 . Memory (MB): peak = 2989.227 ; gain = 0.000 ; free physical = 300 ; free virtual = 5323

Summary of Physical Synthesis Optimizations
============================================


-----------------------------------------------------------------------------------------------------------------------------------------------------------
|  Optimization                                     |  Added Cells  |  Removed Cells  |  Optimized Cells/Nets  |  Dont Touch  |  Iterations  |  Elapsed   |
-----------------------------------------------------------------------------------------------------------------------------------------------------------
|  LUT Combining                                    |            0  |              0  |                     0  |           0  |           1  |  00:00:00  |
|  Retime                                           |            0  |              0  |                     0  |           0  |           1  |  00:00:00  |
|  Very High Fanout                                 |            0  |              0  |                     0  |           0  |           1  |  00:00:00  |
|  DSP Register                                     |            0  |              0  |                     0  |           0  |           0  |  00:00:00  |
|  Shift Register to Pipeline                       |            0  |              0  |                     0  |           0  |           0  |  00:00:00  |
|  Shift Register                                   |            0  |              0  |                     0  |           0  |           0  |  00:00:00  |
|  BRAM Register                                    |            0  |              0  |                     0  |           0  |           0  |  00:00:00  |
|  URAM Register                                    |            0  |              0  |                     0  |           0  |           0  |  00:00:00  |
|  Dynamic/Static Region Interface Net Replication  |            0  |              0  |                     0  |           0  |           1  |  00:00:00  |
|  Total                                            |            0  |              0  |                     0  |           0  |           4  |  00:00:00  |
-----------------------------------------------------------------------------------------------------------------------------------------------------------


Phase 2.4.2 Physical Synthesis In Placer | Checksum: 18a0b08ea

Time (s): cpu = 00:00:03 ; elapsed = 00:00:00.76 . Memory (MB): peak = 2989.227 ; gain = 0.000 ; free physical = 300 ; free virtual = 5323
Phase 2.4 Global Placement Core | Checksum: af285292

Time (s): cpu = 00:00:05 ; elapsed = 00:00:01 . Memory (MB): peak = 2989.227 ; gain = 0.000 ; free physical = 294 ; free virtual = 5319
Phase 2 Global Placement | Checksum: af285292

Time (s): cpu = 00:00:05 ; elapsed = 00:00:01 . Memory (MB): peak = 2989.227 ; gain = 0.000 ; free physical = 294 ; free virtual = 5319

Phase 3 Detail Placement

Phase 3.1 Commit Multi Column Macros
Phase 3.1 Commit Multi Column Macros | Checksum: 150b54c23

Time (s): cpu = 00:00:05 ; elapsed = 00:00:01 . Memory (MB): peak = 2989.227 ; gain = 0.000 ; free physical = 293 ; free virtual = 5317

Phase 3.2 Commit Most Macros & LUTRAMs
Phase 3.2 Commit Most Macros & LUTRAMs | Checksum: 152bd3317

Time (s): cpu = 00:00:06 ; elapsed = 00:00:01 . Memory (MB): peak = 2989.227 ; gain = 0.000 ; free physical = 290 ; free virtual = 5316

Phase 3.3 Area Swap Optimization
Phase 3.3 Area Swap Optimization | Checksum: 1845e4652

Time (s): cpu = 00:00:06 ; elapsed = 00:00:01 . Memory (MB): peak = 2989.227 ; gain = 0.000 ; free physical = 289 ; free virtual = 5316

Phase 3.4 Pipeline Register Optimization
Phase 3.4 Pipeline Register Optimization | Checksum: 1845e4652

Time (s): cpu = 00:00:06 ; elapsed = 00:00:01 . Memory (MB): peak = 2989.227 ; gain = 0.000 ; free physical = 289 ; free virtual = 5316

Phase 3.5 Small Shape Detail Placement
Phase 3.5 Small Shape Detail Placement | Checksum: 11a8c3511

Time (s): cpu = 00:00:06 ; elapsed = 00:00:01 . Memory (MB): peak = 2989.227 ; gain = 0.000 ; free physical = 285 ; free virtual = 5312

Phase 3.6 Re-assign LUT pins
Phase 3.6 Re-assign LUT pins | Checksum: 11a8c3511

Time (s): cpu = 00:00:06 ; elapsed = 00:00:01 . Memory (MB): peak = 2989.227 ; gain = 0.000 ; free physical = 285 ; free virtual = 5312

Phase 3.7 Pipeline Register Optimization
Phase 3.7 Pipeline Register Optimization | Checksum: 11a8c3511

Time (s): cpu = 00:00:06 ; elapsed = 00:00:01 . Memory (MB): peak = 2989.227 ; gain = 0.000 ; free physical = 285 ; free virtual = 5312
Phase 3 Detail Placement | Checksum: 11a8c3511

Time (s): cpu = 00:00:07 ; elapsed = 00:00:01 . Memory (MB): peak = 2989.227 ; gain = 0.000 ; free physical = 285 ; free virtual = 5312

Phase 4 Post Placement Optimization and Clean-Up

Phase 4.1 Post Commit Optimization
INFO: [Timing 38-35] Done setting XDC timing constraints.

Phase 4.1.1 Post Placement Optimization
Post Placement Optimization Initialization | Checksum: 2073d986e

Phase 4.1.1.1 BUFG Insertion

Starting Physical Synthesis Task

Phase 1 Physical Synthesis Initialization
INFO: [Physopt 32-721] Multithreading enabled for phys_opt_design using a maximum of 8 CPUs
INFO: [Physopt 32-619] Estimated Timing Summary | WNS=3.678 | TNS=0.000 |
Phase 1 Physical Synthesis Initialization | Checksum: 16bf841b8

Time (s): cpu = 00:00:00.09 ; elapsed = 00:00:00.01 . Memory (MB): peak = 2989.227 ; gain = 0.000 ; free physical = 284 ; free virtual = 5311
INFO: [Place 46-56] BUFG insertion identified 0 candidate nets. Inserted BUFG: 0, Replicated BUFG Driver: 0, Skipped due to Placement/Routing Conflicts: 0, Skipped due to Timing Degradation: 0, Skipped due to netlist editing failed: 0.
Ending Physical Synthesis Task | Checksum: 16bf841b8

Time (s): cpu = 00:00:00.1 ; elapsed = 00:00:00.01 . Memory (MB): peak = 2989.227 ; gain = 0.000 ; free physical = 284 ; free virtual = 5311
Phase 4.1.1.1 BUFG Insertion | Checksum: 2073d986e

Time (s): cpu = 00:00:07 ; elapsed = 00:00:01 . Memory (MB): peak = 2989.227 ; gain = 0.000 ; free physical = 284 ; free virtual = 5311

Phase 4.1.1.2 Post Placement Timing Optimization
INFO: [Place 30-746] Post Placement Timing Summary WNS=3.678. For the most accurate timing information please run report_timing.
Phase 4.1.1.2 Post Placement Timing Optimization | Checksum: 16864981e

Time (s): cpu = 00:00:07 ; elapsed = 00:00:01 . Memory (MB): peak = 2989.227 ; gain = 0.000 ; free physical = 284 ; free virtual = 5311

Time (s): cpu = 00:00:07 ; elapsed = 00:00:01 . Memory (MB): peak = 2989.227 ; gain = 0.000 ; free physical = 284 ; free virtual = 5311
Phase 4.1 Post Commit Optimization | Checksum: 16864981e

Time (s): cpu = 00:00:07 ; elapsed = 00:00:01 . Memory (MB): peak = 2989.227 ; gain = 0.000 ; free physical = 284 ; free virtual = 5311

Phase 4.2 Post Placement Cleanup
Phase 4.2 Post Placement Cleanup | Checksum: 16864981e

Time (s): cpu = 00:00:07 ; elapsed = 00:00:01 . Memory (MB): peak = 2989.227 ; gain = 0.000 ; free physical = 284 ; free virtual = 5311

Phase 4.3 Placer Reporting

Phase 4.3.1 Print Estimated Congestion
INFO: [Place 30-612] Post-Placement Estimated Congestion 
 ____________________________________________________
|           | Global Congestion | Short Congestion  |
| Direction | Region Size       | Region Size       |
|___________|___________________|___________________|
|      North|                1x1|                1x1|
|___________|___________________|___________________|
|      South|                1x1|                1x1|
|___________|___________________|___________________|
|       East|                1x1|                1x1|
|___________|___________________|___________________|
|       West|                1x1|                1x1|
|___________|___________________|___________________|

Phase 4.3.1 Print Estimated Congestion | Checksum: 16864981e

Time (s): cpu = 00:00:07 ; elapsed = 00:00:01 . Memory (MB): peak = 2989.227 ; gain = 0.000 ; free physical = 284 ; free virtual = 5311
Phase 4.3 Placer Reporting | Checksum: 16864981e

Time (s): cpu = 00:00:07 ; elapsed = 00:00:01 . Memory (MB): peak = 2989.227 ; gain = 0.000 ; free physical = 284 ; free virtual = 5311

Phase 4.4 Final Placement Cleanup
Netlist sorting complete. Time (s): cpu = 00:00:00 ; elapsed = 00:00:00 . Memory (MB): peak = 2989.227 ; gain = 0.000 ; free physical = 284 ; free virtual = 5311

Time (s): cpu = 00:00:07 ; elapsed = 00:00:01 . Memory (MB): peak = 2989.227 ; gain = 0.000 ; free physical = 284 ; free virtual = 5311
Phase 4 Post Placement Optimization and Clean-Up | Checksum: 16db51949

Time (s): cpu = 00:00:07 ; elapsed = 00:00:01 . Memory (MB): peak = 2989.227 ; gain = 0.000 ; free physical = 284 ; free virtual = 5311
Ending Placer Task | Checksum: 110238ed1

Time (s): cpu = 00:00:07 ; elapsed = 00:00:01 . Memory (MB): peak = 2989.227 ; gain = 0.000 ; free physical = 284 ; free virtual = 5311
64 Infos, 0 Warnings, 0 Critical Warnings and 0 Errors encountered.
place_design completed successfully
INFO: [runtcl-4] Executing : report_io -file lab_io_placed.rpt
report_io: Time (s): cpu = 00:00:00.13 ; elapsed = 00:00:00.05 . Memory (MB): peak = 2989.227 ; gain = 0.000 ; free physical = 304 ; free virtual = 5311
INFO: [runtcl-4] Executing : report_utilization -file lab_utilization_placed.rpt -pb lab_utilization_placed.pb
INFO: [runtcl-4] Executing : report_control_sets -verbose -file lab_control_sets_placed.rpt
report_control_sets: Time (s): cpu = 00:00:00 ; elapsed = 00:00:00 . Memory (MB): peak = 2989.227 ; gain = 0.000 ; free physical = 304 ; free virtual = 5311
INFO: [Timing 38-480] Writing timing data to binary archive.
Write ShapeDB Complete: Time (s): cpu = 00:00:00 ; elapsed = 00:00:00 . Memory (MB): peak = 2989.227 ; gain = 0.000 ; free physical = 304 ; free virtual = 5311
Wrote PlaceDB: Time (s): cpu = 00:00:00 ; elapsed = 00:00:00 . Memory (MB): peak = 2989.227 ; gain = 0.000 ; free physical = 304 ; free virtual = 5311
Wrote PulsedLatchDB: Time (s): cpu = 00:00:00 ; elapsed = 00:00:00 . Memory (MB): peak = 2989.227 ; gain = 0.000 ; free physical = 304 ; free virtual = 5311
Writing XDEF routing.
Writing XDEF routing logical nets.
Writing XDEF routing special nets.
Wrote RouteStorage: Time (s): cpu = 00:00:00.02 ; elapsed = 00:00:00.01 . Memory (MB): peak = 2989.227 ; gain = 0.000 ; free physical = 304 ; free virtual = 5310
Wrote Netlist Cache: Time (s): cpu = 00:00:00 ; elapsed = 00:00:00 . Memory (MB): peak = 2989.227 ; gain = 0.000 ; free physical = 304 ; free virtual = 5310
Wrote Device Cache: Time (s): cpu = 00:00:00 ; elapsed = 00:00:00.01 . Memory (MB): peak = 2989.227 ; gain = 0.000 ; free physical = 304 ; free virtual = 5311
Write Physdb Complete: Time (s): cpu = 00:00:00.03 ; elapsed = 00:00:00.02 . Memory (MB): peak = 2989.227 ; gain = 0.000 ; free physical = 304 ; free virtual = 5311
INFO: [Common 17-1381] The checkpoint '/home/eren/Downloads/lab1_ece528/lab1/lab1.runs/impl_3/lab_placed.dcp' has been generated.
Command: phys_opt_design
Attempting to get a license for feature 'Implementation' and/or device 'xc7a35t'
INFO: [Common 17-349] Got license for feature 'Implementation' and/or device 'xc7a35t'

Starting Initial Update Timing Task

Time (s): cpu = 00:00:00.03 ; elapsed = 00:00:00.01 . Memory (MB): peak = 2989.227 ; gain = 0.000 ; free physical = 281 ; free virtual = 5288
INFO: [Vivado_Tcl 4-383] Design worst setup slack (WNS) is greater than or equal to 0.000 ns. Skipping all physical synthesis optimizations.
INFO: [Vivado_Tcl 4-232] No setup violation found. The netlist was not modified.
INFO: [Common 17-83] Releasing license: Implementation
73 Infos, 0 Warnings, 0 Critical Warnings and 0 Errors encountered.
phys_opt_design completed successfully
INFO: [Timing 38-480] Writing timing data to binary archive.
Write ShapeDB Complete: Time (s): cpu = 00:00:00.01 ; elapsed = 00:00:00 . Memory (MB): peak = 2989.227 ; gain = 0.000 ; free physical = 281 ; free virtual = 5288
Wrote PlaceDB: Time (s): cpu = 00:00:00 ; elapsed = 00:00:00 . Memory (MB): peak = 2989.227 ; gain = 0.000 ; free physical = 281 ; free virtual = 5288
Wrote PulsedLatchDB: Time (s): cpu = 00:00:00 ; elapsed = 00:00:00 . Memory (MB): peak = 2989.227 ; gain = 0.000 ; free physical = 281 ; free virtual = 5288
Writing XDEF routing.
Writing XDEF routing logical nets.
Writing XDEF routing special nets.
Wrote RouteStorage: Time (s): cpu = 00:00:00.02 ; elapsed = 00:00:00.01 . Memory (MB): peak = 2989.227 ; gain = 0.000 ; free physical = 281 ; free virtual = 5288
Wrote Netlist Cache: Time (s): cpu = 00:00:00.01 ; elapsed = 00:00:00 . Memory (MB): peak = 2989.227 ; gain = 0.000 ; free physical = 281 ; free virtual = 5288
Wrote Device Cache: Time (s): cpu = 00:00:00 ; elapsed = 00:00:00 . Memory (MB): peak = 2989.227 ; gain = 0.000 ; free physical = 280 ; free virtual = 5288
Write Physdb Complete: Time (s): cpu = 00:00:00.03 ; elapsed = 00:00:00.02 . Memory (MB): peak = 2989.227 ; gain = 0.000 ; free physical = 280 ; free virtual = 5288
INFO: [Common 17-1381] The checkpoint '/home/eren/Downloads/lab1_ece528/lab1/lab1.runs/impl_3/lab_physopt.dcp' has been generated.
Command: route_design
Attempting to get a license for feature 'Implementation' and/or device 'xc7a35t'
INFO: [Common 17-349] Got license for feature 'Implementation' and/or device 'xc7a35t'
Running DRC as a precondition to command route_design
INFO: [DRC 23-27] Running DRC with 8 threads
INFO: [Vivado_Tcl 4-198] DRC finished with 0 Errors
INFO: [Vivado_Tcl 4-199] Please refer to the DRC report (report_drc) for more information.


Starting Routing Task
INFO: [Route 35-254] Multithreading enabled for route_design using a maximum of 8 CPUs

Phase 1 Build RT Design
Checksum: PlaceDB: b0291bcf ConstDB: 0 ShapeSum: 5ffa7302 RouteDB: 0
Post Restoration Checksum: NetGraph: 38af96f1 | NumContArr: 72ab4245 | Constraints: c2a8fa9d | Timing: c2a8fa9d
Phase 1 Build RT Design | Checksum: 230acce70

Time (s): cpu = 00:00:14 ; elapsed = 00:00:13 . Memory (MB): peak = 3087.738 ; gain = 49.945 ; free physical = 196 ; free virtual = 5189

Phase 2 Router Initialization

Phase 2.1 Fix Topology Constraints
Phase 2.1 Fix Topology Constraints | Checksum: 230acce70

Time (s): cpu = 00:00:14 ; elapsed = 00:00:13 . Memory (MB): peak = 3087.738 ; gain = 49.945 ; free physical = 196 ; free virtual = 5189

Phase 2.2 Pre Route Cleanup
Phase 2.2 Pre Route Cleanup | Checksum: 230acce70

Time (s): cpu = 00:00:14 ; elapsed = 00:00:13 . Memory (MB): peak = 3087.738 ; gain = 49.945 ; free physical = 196 ; free virtual = 5189
 Number of Nodes with overlaps = 0

Phase 2.3 Update Timing
Phase 2.3 Update Timing | Checksum: 24d19de8e

Time (s): cpu = 00:00:15 ; elapsed = 00:00:13 . Memory (MB): peak = 3104.738 ; gain = 66.945 ; free physical = 180 ; free virtual = 5174
INFO: [Route 35-416] Intermediate Timing Summary | WNS=3.612  | TNS=0.000  | WHS=-0.082 | THS=-0.228 |


Router Utilization Summary
  Global Vertical Routing Utilization    = 0 %
  Global Horizontal Routing Utilization  = 0 %
  Routable Net Status*
  *Does not include unroutable nets such as driverless and loadless.
  Run report_route_status for detailed report.
  Number of Failed Nets               = 17
    (Failed Nets is the sum of unrouted and partially routed nets)
  Number of Unrouted Nets             = 17
  Number of Partially Routed Nets     = 0
  Number of Node Overlaps             = 0

Phase 2 Router Initialization | Checksum: 195b3f203

Time (s): cpu = 00:00:15 ; elapsed = 00:00:13 . Memory (MB): peak = 3106.738 ; gain = 68.945 ; free physical = 180 ; free virtual = 5174

Phase 3 Initial Routing

Phase 3.1 Global Routing
Phase 3.1 Global Routing | Checksum: 195b3f203

Time (s): cpu = 00:00:15 ; elapsed = 00:00:13 . Memory (MB): peak = 3106.738 ; gain = 68.945 ; free physical = 180 ; free virtual = 5174

Phase 3.2 Initial Net Routing
Phase 3.2 Initial Net Routing | Checksum: 292b48e5a

Time (s): cpu = 00:00:15 ; elapsed = 00:00:13 . Memory (MB): peak = 3106.738 ; gain = 68.945 ; free physical = 180 ; free virtual = 5174
Phase 3 Initial Routing | Checksum: 292b48e5a

Time (s): cpu = 00:00:15 ; elapsed = 00:00:13 . Memory (MB): peak = 3106.738 ; gain = 68.945 ; free physical = 180 ; free virtual = 5174

Phase 4 Rip-up And Reroute

Phase 4.1 Global Iteration 0
 Number of Nodes with overlaps = 0
INFO: [Route 35-416] Intermediate Timing Summary | WNS=3.599  | TNS=0.000  | WHS=N/A    | THS=N/A    |

Phase 4.1 Global Iteration 0 | Checksum: 2c2aacab8

Time (s): cpu = 00:00:15 ; elapsed = 00:00:13 . Memory (MB): peak = 3106.738 ; gain = 68.945 ; free physical = 180 ; free virtual = 5174

Phase 4.2 Global Iteration 1
 Number of Nodes with overlaps = 0
INFO: [Route 35-416] Intermediate Timing Summary | WNS=3.599  | TNS=0.000  | WHS=N/A    | THS=N/A    |

Phase 4.2 Global Iteration 1 | Checksum: 2f23f4140

Time (s): cpu = 00:00:15 ; elapsed = 00:00:13 . Memory (MB): peak = 3106.738 ; gain = 68.945 ; free physical = 180 ; free virtual = 5174
Phase 4 Rip-up And Reroute | Checksum: 2f23f4140

Time (s): cpu = 00:00:15 ; elapsed = 00:00:13 . Memory (MB): peak = 3106.738 ; gain = 68.945 ; free physical = 180 ; free virtual = 5174

Phase 5 Delay and Skew Optimization

Phase 5.1 Delay CleanUp
Phase 5.1 Delay CleanUp | Checksum: 2f23f4140

Time (s): cpu = 00:00:15 ; elapsed = 00:00:13 . Memory (MB): peak = 3106.738 ; gain = 68.945 ; free physical = 180 ; free virtual = 5174

Phase 5.2 Clock Skew Optimization
Phase 5.2 Clock Skew Optimization | Checksum: 2f23f4140

Time (s): cpu = 00:00:15 ; elapsed = 00:00:13 . Memory (MB): peak = 3106.738 ; gain = 68.945 ; free physical = 180 ; free virtual = 5174
Phase 5 Delay and Skew Optimization | Checksum: 2f23f4140

Time (s): cpu = 00:00:15 ; elapsed = 00:00:13 . Memory (MB): peak = 3106.738 ; gain = 68.945 ; free physical = 180 ; free virtual = 5174

Phase 6 Post Hold Fix

Phase 6.1 Hold Fix Iter

Phase 6.1.1 Update Timing
Phase 6.1.1 Update Timing | Checksum: 26b1dc7b1

Time (s): cpu = 00:00:15 ; elapsed = 00:00:13 . Memory (MB): peak = 3106.738 ; gain = 68.945 ; free physical = 180 ; free virtual = 5174
INFO: [Route 35-416] Intermediate Timing Summary | WNS=3.692  | TNS=0.000  | WHS=0.182  | THS=0.000  |

Phase 6.1 Hold Fix Iter | Checksum: 2c287b724

Time (s): cpu = 00:00:15 ; elapsed = 00:00:13 . Memory (MB): peak = 3106.738 ; gain = 68.945 ; free physical = 180 ; free virtual = 5174
Phase 6 Post Hold Fix | Checksum: 2c287b724

Time (s): cpu = 00:00:15 ; elapsed = 00:00:13 . Memory (MB): peak = 3106.738 ; gain = 68.945 ; free physical = 180 ; free virtual = 5174

Phase 7 Route finalize

Router Utilization Summary
  Global Vertical Routing Utilization    = 0.00302958 %
  Global Horizontal Routing Utilization  = 0.0123634 %
  Routable Net Status*
  *Does not include unroutable nets such as driverless and loadless.
  Run report_route_status for detailed report.
  Number of Failed Nets               = 0
    (Failed Nets is the sum of unrouted and partially routed nets)
  Number of Unrouted Nets             = 0
  Number of Partially Routed Nets     = 0
  Number of Node Overlaps             = 0

Phase 7 Route finalize | Checksum: 2c287b724

Time (s): cpu = 00:00:15 ; elapsed = 00:00:13 . Memory (MB): peak = 3106.738 ; gain = 68.945 ; free physical = 180 ; free virtual = 5174

Phase 8 Verifying routed nets

 Verification completed successfully
Phase 8 Verifying routed nets | Checksum: 2c287b724

Time (s): cpu = 00:00:15 ; elapsed = 00:00:13 . Memory (MB): peak = 3106.738 ; gain = 68.945 ; free physical = 172 ; free virtual = 5166

Phase 9 Depositing Routes
Phase 9 Depositing Routes | Checksum: 30ed1c19c

Time (s): cpu = 00:00:15 ; elapsed = 00:00:13 . Memory (MB): peak = 3106.738 ; gain = 68.945 ; free physical = 172 ; free virtual = 5166

Phase 10 Post Router Timing
INFO: [Route 35-57] Estimated Timing Summary | WNS=3.692  | TNS=0.000  | WHS=0.182  | THS=0.000  |

INFO: [Route 35-327] The final timing numbers are based on the router estimated timing analysis. For a complete and accurate timing signoff, please run report_timing_summary.
Phase 10 Post Router Timing | Checksum: 30ed1c19c

Time (s): cpu = 00:00:15 ; elapsed = 00:00:13 . Memory (MB): peak = 3106.738 ; gain = 68.945 ; free physical = 172 ; free virtual = 5166
INFO: [Route 35-16] Router Completed Successfully

Phase 11 Post-Route Event Processing
Phase 11 Post-Route Event Processing | Checksum: 17c55ee77

Time (s): cpu = 00:00:15 ; elapsed = 00:00:13 . Memory (MB): peak = 3106.738 ; gain = 68.945 ; free physical = 172 ; free virtual = 5166
Ending Routing Task | Checksum: 17c55ee77

Time (s): cpu = 00:00:15 ; elapsed = 00:00:13 . Memory (MB): peak = 3106.738 ; gain = 68.945 ; free physical = 172 ; free virtual = 5166

Routing Is Done.
INFO: [Common 17-83] Releasing license: Implementation
88 Infos, 0 Warnings, 0 Critical Warnings and 0 Errors encountered.
route_design completed successfully
route_design: Time (s): cpu = 00:00:16 ; elapsed = 00:00:13 . Memory (MB): peak = 3106.738 ; gain = 117.512 ; free physical = 172 ; free virtual = 5166
INFO: [runtcl-4] Executing : report_drc -file lab_drc_routed.rpt -pb lab_drc_routed.pb -rpx lab_drc_routed.rpx
Command: report_drc -file lab_drc_routed.rpt -pb lab_drc_routed.pb -rpx lab_drc_routed.rpx
INFO: [IP_Flow 19-1839] IP Catalog is up to date.
INFO: [DRC 23-27] Running DRC with 8 threads
INFO: [Vivado_Tcl 2-168] The results of DRC are in file /home/eren/Downloads/lab1_ece528/lab1/lab1.runs/impl_3/lab_drc_routed.rpt.
report_drc completed successfully
INFO: [runtcl-4] Executing : report_methodology -file lab_methodology_drc_routed.rpt -pb lab_methodology_drc_routed.pb -rpx lab_methodology_drc_routed.rpx
Command: report_methodology -file lab_methodology_drc_routed.rpt -pb lab_methodology_drc_routed.pb -rpx lab_methodology_drc_routed.rpx
INFO: [Timing 38-35] Done setting XDC timing constraints.
INFO: [DRC 23-133] Running Methodology with 8 threads
INFO: [Vivado_Tcl 2-1520] The results of Report Methodology are in file /home/eren/Downloads/lab1_ece528/lab1/lab1.runs/impl_3/lab_methodology_drc_routed.rpt.
report_methodology completed successfully
INFO: [runtcl-4] Executing : report_power -file lab_power_routed.rpt -pb lab_power_summary_routed.pb -rpx lab_power_routed.rpx
Command: report_power -file lab_power_routed.rpt -pb lab_power_summary_routed.pb -rpx lab_power_routed.rpx
INFO: [Timing 38-35] Done setting XDC timing constraints.
Running Vector-less Activity Propagation...

Finished Running Vector-less Activity Propagation
98 Infos, 0 Warnings, 0 Critical Warnings and 0 Errors encountered.
report_power completed successfully
INFO: [runtcl-4] Executing : report_route_status -file lab_route_status.rpt -pb lab_route_status.pb
INFO: [runtcl-4] Executing : report_timing_summary -max_paths 10 -report_unconstrained -file lab_timing_summary_routed.rpt -pb lab_timing_summary_routed.pb -rpx lab_timing_summary_routed.rpx -warn_on_violation 
INFO: [Timing 38-91] UpdateTimingParams: Speed grade: -1, Delay Type: min_max.
INFO: [Timing 38-191] Multithreading enabled for timing update using a maximum of 8 CPUs
INFO: [runtcl-4] Executing : report_incremental_reuse -file lab_incremental_reuse_routed.rpt
INFO: [Vivado_Tcl 4-1062] Incremental flow is disabled. No incremental reuse Info to report.
INFO: [runtcl-4] Executing : report_clock_utilization -file lab_clock_utilization_routed.rpt
INFO: [runtcl-4] Executing : report_bus_skew -warn_on_violation -file lab_bus_skew_routed.rpt -pb lab_bus_skew_routed.pb -rpx lab_bus_skew_routed.rpx
INFO: [Timing 38-91] UpdateTimingParams: Speed grade: -1, Delay Type: min_max.
INFO: [Timing 38-191] Multithreading enabled for timing update using a maximum of 8 CPUs
INFO: [Timing 38-480] Writing timing data to binary archive.
Write ShapeDB Complete: Time (s): cpu = 00:00:00 ; elapsed = 00:00:00 . Memory (MB): peak = 3215.594 ; gain = 0.000 ; free physical = 179 ; free virtual = 5120
Wrote PlaceDB: Time (s): cpu = 00:00:00.01 ; elapsed = 00:00:00 . Memory (MB): peak = 3215.594 ; gain = 0.000 ; free physical = 179 ; free virtual = 5120
Wrote PulsedLatchDB: Time (s): cpu = 00:00:00 ; elapsed = 00:00:00 . Memory (MB): peak = 3215.594 ; gain = 0.000 ; free physical = 179 ; free virtual = 5120
Writing XDEF routing.
Writing XDEF routing logical nets.
Writing XDEF routing special nets.
Wrote RouteStorage: Time (s): cpu = 00:00:00.02 ; elapsed = 00:00:00.01 . Memory (MB): peak = 3215.594 ; gain = 0.000 ; free physical = 179 ; free virtual = 5120
Wrote Netlist Cache: Time (s): cpu = 00:00:00 ; elapsed = 00:00:00 . Memory (MB): peak = 3215.594 ; gain = 0.000 ; free physical = 179 ; free virtual = 5120
Wrote Device Cache: Time (s): cpu = 00:00:00.01 ; elapsed = 00:00:00 . Memory (MB): peak = 3215.594 ; gain = 0.000 ; free physical = 179 ; free virtual = 5121
Write Physdb Complete: Time (s): cpu = 00:00:00.04 ; elapsed = 00:00:00.01 . Memory (MB): peak = 3215.594 ; gain = 0.000 ; free physical = 179 ; free virtual = 5121
INFO: [Common 17-1381] The checkpoint '/home/eren/Downloads/lab1_ece528/lab1/lab1.runs/impl_3/lab_routed.dcp' has been generated.
INFO: [Common 17-206] Exiting Vivado at Thu Sep 24 16:01:30 2026...
