
*** Running vivado
    with args -log lab.vds -m64 -product Vivado -mode batch -messageDb vivado.pb -notrace -source lab.tcl


****** Vivado v2023.2 (64-bit)
  **** SW Build 4029153 on Fri Oct 13 20:13:54 MDT 2023
  **** IP Build 4028589 on Sat Oct 14 00:45:43 MDT 2023
  **** SharedData Build 4025554 on Tue Oct 10 17:18:54 MDT 2023
    ** Copyright 1986-2022 Xilinx, Inc. All Rights Reserved.
    ** Copyright 2022-2023 Advanced Micro Devices, Inc. All Rights Reserved.

source lab.tcl -notrace
create_project: Time (s): cpu = 00:00:06 ; elapsed = 00:00:06 . Memory (MB): peak = 1485.035 ; gain = 5.957 ; free physical = 240 ; free virtual = 12298
Command: synth_design -top lab -part xc7a35tcpg236-1
Starting synth_design
Attempting to get a license for feature 'Synthesis' and/or device 'xc7a35t'
INFO: [Common 17-349] Got license for feature 'Synthesis' and/or device 'xc7a35t'
INFO: [Device 21-403] Loading part xc7a35tcpg236-1
INFO: [Synth 8-7079] Multithreading enabled for synth_design using a maximum of 4 processes.
INFO: [Synth 8-7078] Launching helper process for spawning children vivado processes
INFO: [Synth 8-7075] Helper process launched with PID 194138
---------------------------------------------------------------------------------
Starting RTL Elaboration : Time (s): cpu = 00:00:04 ; elapsed = 00:00:05 . Memory (MB): peak = 2222.812 ; gain = 403.801 ; free physical = 252 ; free virtual = 9623
---------------------------------------------------------------------------------
WARNING: [Synth 8-11121] redeclaration of ANSI port 'SSG_D' is not allowed [/home/eren/Downloads/lab1_ece528/lab.v:38]
INFO: [Synth 8-6157] synthesizing module 'lab' [/home/eren/Downloads/lab1_ece528/lab.v:23]
INFO: [Synth 8-6155] done synthesizing module 'lab' (0#1) [/home/eren/Downloads/lab1_ece528/lab.v:23]
WARNING: [Synth 8-3917] design lab has port SSG_EN[2] driven by constant 1
WARNING: [Synth 8-3917] design lab has port SSG_EN[1] driven by constant 1
WARNING: [Synth 8-3917] design lab has port SSG_EN[0] driven by constant 1
---------------------------------------------------------------------------------
Finished RTL Elaboration : Time (s): cpu = 00:00:06 ; elapsed = 00:00:06 . Memory (MB): peak = 2297.781 ; gain = 478.770 ; free physical = 250 ; free virtual = 9260
---------------------------------------------------------------------------------
---------------------------------------------------------------------------------
Start Handling Custom Attributes
---------------------------------------------------------------------------------
---------------------------------------------------------------------------------
Finished Handling Custom Attributes : Time (s): cpu = 00:00:06 ; elapsed = 00:00:06 . Memory (MB): peak = 2312.625 ; gain = 493.613 ; free physical = 242 ; free virtual = 9252
---------------------------------------------------------------------------------
---------------------------------------------------------------------------------
Finished RTL Optimization Phase 1 : Time (s): cpu = 00:00:06 ; elapsed = 00:00:06 . Memory (MB): peak = 2312.625 ; gain = 493.613 ; free physical = 242 ; free virtual = 9252
---------------------------------------------------------------------------------
Netlist sorting complete. Time (s): cpu = 00:00:00 ; elapsed = 00:00:00 . Memory (MB): peak = 2312.625 ; gain = 0.000 ; free physical = 242 ; free virtual = 9253
INFO: [Project 1-570] Preparing netlist for logic optimization

Processing XDC Constraints
Initializing timing engine
Parsing XDC File [/home/eren/Downloads/lab1_ece528/user.xdc]
Finished Parsing XDC File [/home/eren/Downloads/lab1_ece528/user.xdc]
INFO: [Project 1-236] Implementation specific constraints were found while reading constraint file [/home/eren/Downloads/lab1_ece528/user.xdc]. These constraints will be ignored for synthesis but will be used in implementation. Impacted constraints are listed in the file [.Xil/lab_propImpl.xdc].
Resolution: To avoid this warning, move constraints listed in [.Xil/lab_propImpl.xdc] to another XDC file and exclude this new file from synthesis with the used_in_synthesis property (File Properties dialog in GUI) and re-run elaboration/synthesis.
Completed Processing XDC Constraints

Netlist sorting complete. Time (s): cpu = 00:00:00 ; elapsed = 00:00:00 . Memory (MB): peak = 2441.375 ; gain = 0.000 ; free physical = 182 ; free virtual = 9186
INFO: [Project 1-111] Unisim Transformation Summary:
No Unisim elements were transformed.

Constraint Validation Runtime : Time (s): cpu = 00:00:00 ; elapsed = 00:00:00 . Memory (MB): peak = 2441.410 ; gain = 0.000 ; free physical = 176 ; free virtual = 9183
---------------------------------------------------------------------------------
Finished Constraint Validation : Time (s): cpu = 00:00:11 ; elapsed = 00:00:12 . Memory (MB): peak = 2441.410 ; gain = 622.398 ; free physical = 184 ; free virtual = 9164
---------------------------------------------------------------------------------
---------------------------------------------------------------------------------
Start Loading Part and Timing Information
---------------------------------------------------------------------------------
Loading part: xc7a35tcpg236-1
---------------------------------------------------------------------------------
Finished Loading Part and Timing Information : Time (s): cpu = 00:00:11 ; elapsed = 00:00:12 . Memory (MB): peak = 2441.410 ; gain = 622.398 ; free physical = 184 ; free virtual = 9164
---------------------------------------------------------------------------------
---------------------------------------------------------------------------------
Start Applying 'set_property' XDC Constraints
---------------------------------------------------------------------------------
---------------------------------------------------------------------------------
Finished applying 'set_property' XDC Constraints : Time (s): cpu = 00:00:11 ; elapsed = 00:00:12 . Memory (MB): peak = 2441.410 ; gain = 622.398 ; free physical = 183 ; free virtual = 9164
---------------------------------------------------------------------------------
INFO: [Synth 8-802] inferred FSM for state register 'c_state_reg' in module 'lab'
---------------------------------------------------------------------------------------------------
                   State |                     New Encoding |                Previous Encoding 
---------------------------------------------------------------------------------------------------
                    IDLE |                               00 |                               00
                     ST0 |                               01 |                               01
                     ST1 |                               10 |                               11
---------------------------------------------------------------------------------------------------
INFO: [Synth 8-3354] encoded FSM with state register 'c_state_reg' using encoding 'sequential' in module 'lab'
---------------------------------------------------------------------------------
Finished RTL Optimization Phase 2 : Time (s): cpu = 00:00:12 ; elapsed = 00:00:12 . Memory (MB): peak = 2441.410 ; gain = 622.398 ; free physical = 181 ; free virtual = 9164
---------------------------------------------------------------------------------
---------------------------------------------------------------------------------
Start RTL Component Statistics 
---------------------------------------------------------------------------------
Detailed RTL Component Info : 
+---Adders : 
	   2 Input    4 Bit       Adders := 1     
+---Registers : 
	                4 Bit    Registers := 1     
+---Muxes : 
	   2 Input    4 Bit        Muxes := 1     
	   3 Input    2 Bit        Muxes := 1     
	   2 Input    2 Bit        Muxes := 2     
	   2 Input    1 Bit        Muxes := 1     
---------------------------------------------------------------------------------
Finished RTL Component Statistics 
---------------------------------------------------------------------------------
---------------------------------------------------------------------------------
Start Part Resource Summary
---------------------------------------------------------------------------------
Part Resources:
DSPs: 90 (col length:60)
BRAMs: 100 (col length: RAMB18 60 RAMB36 30)
---------------------------------------------------------------------------------
Finished Part Resource Summary
---------------------------------------------------------------------------------
---------------------------------------------------------------------------------
Start Cross Boundary and Area Optimization
---------------------------------------------------------------------------------
WARNING: [Synth 8-7080] Parallel synthesis criteria is not met
WARNING: [Synth 8-3917] design lab has port SSG_EN[2] driven by constant 1
WARNING: [Synth 8-3917] design lab has port SSG_EN[1] driven by constant 1
WARNING: [Synth 8-3917] design lab has port SSG_EN[0] driven by constant 1
---------------------------------------------------------------------------------
Finished Cross Boundary and Area Optimization : Time (s): cpu = 00:00:13 ; elapsed = 00:00:13 . Memory (MB): peak = 2441.410 ; gain = 622.398 ; free physical = 184 ; free virtual = 9163
---------------------------------------------------------------------------------
---------------------------------------------------------------------------------
Start Applying XDC Timing Constraints
---------------------------------------------------------------------------------
---------------------------------------------------------------------------------
Finished Applying XDC Timing Constraints : Time (s): cpu = 00:00:17 ; elapsed = 00:00:17 . Memory (MB): peak = 2441.410 ; gain = 622.398 ; free physical = 208 ; free virtual = 9181
---------------------------------------------------------------------------------
---------------------------------------------------------------------------------
Start Timing Optimization
---------------------------------------------------------------------------------
---------------------------------------------------------------------------------
Finished Timing Optimization : Time (s): cpu = 00:00:17 ; elapsed = 00:00:17 . Memory (MB): peak = 2441.410 ; gain = 622.398 ; free physical = 208 ; free virtual = 9181
---------------------------------------------------------------------------------
---------------------------------------------------------------------------------
Start Technology Mapping
---------------------------------------------------------------------------------
---------------------------------------------------------------------------------
Finished Technology Mapping : Time (s): cpu = 00:00:17 ; elapsed = 00:00:17 . Memory (MB): peak = 2441.410 ; gain = 622.398 ; free physical = 208 ; free virtual = 9181
---------------------------------------------------------------------------------
---------------------------------------------------------------------------------
Start IO Insertion
---------------------------------------------------------------------------------
---------------------------------------------------------------------------------
Start Flattening Before IO Insertion
---------------------------------------------------------------------------------
---------------------------------------------------------------------------------
Finished Flattening Before IO Insertion
---------------------------------------------------------------------------------
---------------------------------------------------------------------------------
Start Final Netlist Cleanup
---------------------------------------------------------------------------------
---------------------------------------------------------------------------------
Finished Final Netlist Cleanup
---------------------------------------------------------------------------------
---------------------------------------------------------------------------------
Finished IO Insertion : Time (s): cpu = 00:00:20 ; elapsed = 00:00:21 . Memory (MB): peak = 2441.410 ; gain = 622.398 ; free physical = 191 ; free virtual = 9164
---------------------------------------------------------------------------------
---------------------------------------------------------------------------------
Start Renaming Generated Instances
---------------------------------------------------------------------------------
---------------------------------------------------------------------------------
Finished Renaming Generated Instances : Time (s): cpu = 00:00:20 ; elapsed = 00:00:21 . Memory (MB): peak = 2441.410 ; gain = 622.398 ; free physical = 191 ; free virtual = 9164
---------------------------------------------------------------------------------
---------------------------------------------------------------------------------
Start Rebuilding User Hierarchy
---------------------------------------------------------------------------------
---------------------------------------------------------------------------------
Finished Rebuilding User Hierarchy : Time (s): cpu = 00:00:20 ; elapsed = 00:00:21 . Memory (MB): peak = 2441.410 ; gain = 622.398 ; free physical = 191 ; free virtual = 9164
---------------------------------------------------------------------------------
---------------------------------------------------------------------------------
Start Renaming Generated Ports
---------------------------------------------------------------------------------
---------------------------------------------------------------------------------
Finished Renaming Generated Ports : Time (s): cpu = 00:00:20 ; elapsed = 00:00:21 . Memory (MB): peak = 2441.410 ; gain = 622.398 ; free physical = 191 ; free virtual = 9164
---------------------------------------------------------------------------------
---------------------------------------------------------------------------------
Start Handling Custom Attributes
---------------------------------------------------------------------------------
---------------------------------------------------------------------------------
Finished Handling Custom Attributes : Time (s): cpu = 00:00:20 ; elapsed = 00:00:21 . Memory (MB): peak = 2441.410 ; gain = 622.398 ; free physical = 191 ; free virtual = 9164
---------------------------------------------------------------------------------
---------------------------------------------------------------------------------
Start Renaming Generated Nets
---------------------------------------------------------------------------------
---------------------------------------------------------------------------------
Finished Renaming Generated Nets : Time (s): cpu = 00:00:20 ; elapsed = 00:00:21 . Memory (MB): peak = 2441.410 ; gain = 622.398 ; free physical = 191 ; free virtual = 9164
---------------------------------------------------------------------------------
---------------------------------------------------------------------------------
Start Writing Synthesis Report
---------------------------------------------------------------------------------

Report BlackBoxes: 
+-+--------------+----------+
| |BlackBox name |Instances |
+-+--------------+----------+
+-+--------------+----------+

Report Cell Usage: 
+------+-----+------+
|      |Cell |Count |
+------+-----+------+
|1     |BUFG |     1|
|2     |LUT1 |     1|
|3     |LUT2 |     2|
|4     |LUT3 |     2|
|5     |LUT4 |     9|
|6     |FDCE |     6|
|7     |IBUF |     3|
|8     |OBUF |    10|
+------+-----+------+
---------------------------------------------------------------------------------
Finished Writing Synthesis Report : Time (s): cpu = 00:00:20 ; elapsed = 00:00:21 . Memory (MB): peak = 2441.410 ; gain = 622.398 ; free physical = 191 ; free virtual = 9164
---------------------------------------------------------------------------------
Synthesis finished with 0 errors, 0 critical warnings and 4 warnings.
Synthesis Optimization Runtime : Time (s): cpu = 00:00:19 ; elapsed = 00:00:19 . Memory (MB): peak = 2441.410 ; gain = 493.613 ; free physical = 191 ; free virtual = 9164
Synthesis Optimization Complete : Time (s): cpu = 00:00:20 ; elapsed = 00:00:21 . Memory (MB): peak = 2441.410 ; gain = 622.398 ; free physical = 191 ; free virtual = 9164
INFO: [Project 1-571] Translating synthesized netlist
Netlist sorting complete. Time (s): cpu = 00:00:00 ; elapsed = 00:00:00 . Memory (MB): peak = 2441.410 ; gain = 0.000 ; free physical = 167 ; free virtual = 9155
INFO: [Project 1-570] Preparing netlist for logic optimization
INFO: [Opt 31-138] Pushed 0 inverter(s) to 0 load pin(s).
Netlist sorting complete. Time (s): cpu = 00:00:00 ; elapsed = 00:00:00 . Memory (MB): peak = 2441.410 ; gain = 0.000 ; free physical = 678 ; free virtual = 9654
INFO: [Project 1-111] Unisim Transformation Summary:
No Unisim elements were transformed.

Synth Design complete | Checksum: cc3e9ab4
INFO: [Common 17-83] Releasing license: Synthesis
17 Infos, 8 Warnings, 0 Critical Warnings and 0 Errors encountered.
synth_design completed successfully
synth_design: Time (s): cpu = 00:00:28 ; elapsed = 00:00:24 . Memory (MB): peak = 2441.410 ; gain = 956.375 ; free physical = 676 ; free virtual = 9656
INFO: [Common 17-2834] synth_design peak Physical Memory [PSS] (MB): overall = 1657.299; main = 1379.761; forked = 315.521
INFO: [Common 17-2834] synth_design peak Virtual Memory [VSS] (MB): overall = 4032.426; main = 2441.379; forked = 1623.062
Write ShapeDB Complete: Time (s): cpu = 00:00:00 ; elapsed = 00:00:00 . Memory (MB): peak = 2465.387 ; gain = 0.000 ; free physical = 679 ; free virtual = 9659
INFO: [Common 17-1381] The checkpoint '/home/eren/Downloads/lab1_ece528/lab1/lab1.runs/synth_3/lab.dcp' has been generated.
INFO: [runtcl-4] Executing : report_utilization -file lab_utilization_synth.rpt -pb lab_utilization_synth.pb
INFO: [Common 17-206] Exiting Vivado at Wed Sep 16 16:21:58 2026...
